  Determining projects to restore...
  All projects are up-to-date for restore.
C:\Users\Dell\Desktop\SGP_Freelancing\Controllers\ProjectController.cs(20,26): error CS0246: The type or namespace name 'IMLService' could not be found (are you missing a using directive or an assembly reference?) [C:\Users\Dell\Desktop\SGP_Freelancing\SGP_Freelancing.csproj]
C:\Users\Dell\Desktop\SGP_Freelancing\Controllers\ProjectController.cs(29,13): error CS0246: The type or namespace name 'IMLService' could not be found (are you missing a using directive or an assembly reference?) [C:\Users\Dell\Desktop\SGP_Freelancing\SGP_Freelancing.csproj]
C:\Users\Dell\Desktop\SGP_Freelancing\Services\MLService.cs(8,30): error CS0246: The type or namespace name 'IMLService' could not be found (are you missing a using directive or an assembly reference?) [C:\Users\Dell\Desktop\SGP_Freelancing\SGP_Freelancing.csproj]
C:\Users\Dell\Desktop\SGP_Freelancing\Controllers\AccountController.cs(44,115): warning CS8625: Cannot convert null literal to non-nullable reference type. [C:\Users\Dell\Desktop\SGP_Freelancing\SGP_Freelancing.csproj]

Build FAILED.

C:\Users\Dell\Desktop\SGP_Freelancing\Controllers\AccountController.cs(44,115): warning CS8625: Cannot convert null literal to non-nullable reference type. [C:\Users\Dell\Desktop\SGP_Freelancing\SGP_Freelancing.csproj]
C:\Users\Dell\Desktop\SGP_Freelancing\Controllers\ProjectController.cs(20,26): error CS0246: The type or namespace name 'IMLService' could not be found (are you missing a using directive or an assembly reference?) [C:\Users\Dell\Desktop\SGP_Freelancing\SGP_Freelancing.csproj]
C:\Users\Dell\Desktop\SGP_Freelancing\Controllers\ProjectController.cs(29,13): error CS0246: The type or namespace name 'IMLService' could not be found (are you missing a using directive or an assembly reference?) [C:\Users\Dell\Desktop\SGP_Freelancing\SGP_Freelancing.csproj]
C:\Users\Dell\Desktop\SGP_Freelancing\Services\MLService.cs(8,30): error CS0246: The type or namespace name 'IMLService' could not be found (are you missing a using directive or an assembly reference?) [C:\Users\Dell\Desktop\SGP_Freelancing\SGP_Freelancing.csproj]
    1 Warning(s)
    3 Error(s)

Time Elapsed 00:00:06.79
